[greenturflandscaping.com.au/index.html]
[backblue.gif]
[fade.gif]
[index.html]
[greenturflandscaping.com.au/wp-content/uploads/2023/12/logo-green-turf-1024x290.png]
[greenturflandscaping.com.au/wp-content/plugins/elementor/assets/lib/eicons/fonts/eiconsec2a.eot]
[greenturflandscaping.com.au/wp-content/plugins/master-addons/assets/images/symbols.svg]
[greenturflandscaping.com.au/wp-content/plugins/elementor/assets/lib/font-awesome/webfonts/fa-solid-900.eot]
[greenturflandscaping.com.au/wp-content/plugins/master-addons/assets/fonts/iconic-fonts/iconic-font.woff2]
[greenturflandscaping.com.au/wp-content/plugins/elementor/assets/lib/font-awesome/webfonts/fa-brands-400.eot]
[greenturflandscaping.com.au/wp-content/cache/autoptimize/css/autoptimize_single_dc863b1ef19fe05c36d0a771da577769.css]
[greenturflandscaping.com.au/feed/index.html]
[greenturflandscaping.com.au/wp-content/cache/autoptimize/css/autoptimize_single_dc10e6ffa14f6c74e56fd59e26d979e7.css]
[greenturflandscaping.com.au/comments/feed/index.html]
[greenturflandscaping.com.au/wp-includes/js/jquery/jquery.min.js]
[greenturflandscaping.com.au/wp-includes/js/jquery/jquery-migrate.min.js]
[greenturflandscaping.com.au/wp-json/wp/v2/pages/2659.json]
[greenturflandscaping.com.au/wp-json/index.html]
[greenturflandscaping.com.au/xmlrpc0db0.php]
[greenturflandscaping.com.au/wp-json/oembed/1.0/embed9bd4.json]
[greenturflandscaping.com.au/wp-json/oembed/1.0/embed0459]
[greenturflandscaping.com.au/wp-content/uploads/2023/12/cropped-logo-landscape-favicon-32x32.png]
[greenturflandscaping.com.au/wp-content/uploads/2023/12/cropped-logo-landscape-favicon-192x192.png]
[greenturflandscaping.com.au/wp-content/uploads/2023/12/cropped-logo-landscape-favicon-180x180.png]
[greenturflandscaping.com.au/contact-us/index.html]
[greenturflandscaping.com.au/about/index.html]
[greenturflandscaping.com.au/wp-content/uploads/2023/12/green-turf-landscaping-019.jpg]
[greenturflandscaping.com.au/wp-content/uploads/2023/12/sydney-landscaping-service.jpg]
[greenturflandscaping.com.au/faq/index.html]
[greenturflandscaping.com.au/blogs/index.html]
[greenturflandscaping.com.au/work-gallery/index.html]
[greenturflandscaping.com.au/service-areas/index.html]
[greenturflandscaping.com.au/instant-quote/index.html]
[greenturflandscaping.com.au/wp-content/uploads/2023/12/vip-landscape-a014.jpg]
[greenturflandscaping.com.au/wp-content/uploads/2023/12/green-turf-landscaping-01.jpg]
[greenturflandscaping.com.au/landscaping/index.html]
[greenturflandscaping.com.au/artificial-grass/index.html]
[greenturflandscaping.com.au/synthetic-grass/index.html]
[greenturflandscaping.com.au/wp-content/uploads/2023/12/green-turf-landscaping-07.jpg]
[greenturflandscaping.com.au/tree-plants/index.html]
[greenturflandscaping.com.au/wp-content/uploads/2023/12/green-turf-landscaping-08.jpg]
[greenturflandscaping.com.au/designing/index.html]
[greenturflandscaping.com.au/tree-removal/index.html]
[greenturflandscaping.com.au/stump-grinding/index.html]
[greenturflandscaping.com.au/tree-cutting-and-removal/index.html]
[greenturflandscaping.com.au/wp-content/uploads/2023/12/green-turf-landscaping-020.jpg]
[greenturflandscaping.com.au/wp-content/uploads/2023/12/Earth-moving.jpg]
[greenturflandscaping.com.au/timber-fencing/index.html]
[greenturflandscaping.com.au/retaining-wall/index.html]
[greenturflandscaping.com.au/colorbond-fencing/index.html]
[greenturflandscaping.com.au/wp-content/uploads/2023/12/colorbod.jpg]
[greenturflandscaping.com.au/wp-content/uploads/2023/12/Soil-and-Turfing.jpg]
[greenturflandscaping.com.au/services/index.html]
[greenturflandscaping.com.au/paving/index.html]
[greenturflandscaping.com.au/dingo-hire/index.html]
[greenturflandscaping.com.au/bobcat-hire/index.html]
[greenturflandscaping.com.au/wp-content/uploads/2023/12/green-turf-landscaping-02.jpg]
[greenturflandscaping.com.au/wp-content/uploads/2023/12/green-turf-landscaping-03.jpg]
[greenturflandscaping.com.au/earth-moving/index.html]
[greenturflandscaping.com.au/auto-irrigation-system/index.html]
[greenturflandscaping.com.au/soil-and-turfing/index.html]
[greenturflandscaping.com.au/synthetic-grass-installation/index.html]
[greenturflandscaping.com.au/wp-content/uploads/2023/12/green-turf-landscaping-04.jpg]
[greenturflandscaping.com.au/wp-content/uploads/2023/12/green-turf-landscaping-05.jpg]
[greenturflandscaping.com.au/wp-content/uploads/2023/12/green-turf-landscaping-06.jpg]
[greenturflandscaping.com.au/wp-content/uploads/2023/12/green-turf-landscaping-011.jpg]
[greenturflandscaping.com.au/wp-content/uploads/2023/12/green-turf-landscaping-09.jpg]
[greenturflandscaping.com.au/wp-content/uploads/2023/12/green-turf-landscaping-018.jpg]
[greenturflandscaping.com.au/wp-content/uploads/2023/12/green-turf-landscaping-012.jpg]
[greenturflandscaping.com.au/wp-content/uploads/2023/12/green-turf-landscaping-016.jpg]
[greenturflandscaping.com.au/wp-content/uploads/2023/12/green-turf-landscaping-010.jpg]
[greenturflandscaping.com.au/wp-content/uploads/2023/12/green-turf-landscaping-015.jpg]
[greenturflandscaping.com.au/wp-content/uploads/2023/12/landscaping-sydney.jpg]
[greenturflandscaping.com.au/wp-content/uploads/2023/08/google-ratting.png]
[greenturflandscaping.com.au/wp-content/uploads/2023/08/facebook-5-star.png]
[greenturflandscaping.com.au/wp-content/uploads/2023/12/location-map-3.png]
[greenturflandscaping.com.au/wp-content/uploads/2023/12/logo-green-turf-footer-1024x290.png]
[greenturflandscaping.com.au/wp-content/uploads/2024/07/Green-Turf-Landscaping.png]
[greenturflandscaping.com.au/wp-content/plugins/autoptimize/classes/external/js/lazysizes.min.js]
[greenturflandscaping.com.au/wp-content/cache/autoptimize/js/autoptimize_single_a32ca91d60e1f56ebb9c3a93a5f1ff30.js]
[greenturflandscaping.com.au/wp-content/cache/autoptimize/js/autoptimize_single_75d7822d25873fd727beecf0744affa4.js]
[greenturflandscaping.com.au/wp-content/plugins/elementor-pro/assets/lib/smartmenus/jquery.smartmenus.min.js]
[greenturflandscaping.com.au/wp-content/plugins/elementor-pro/assets/lib/sticky/jquery.sticky.min.js]
[greenturflandscaping.com.au/wp-includes/js/imagesloaded.min.js]
[greenturflandscaping.com.au/wp-content/cache/autoptimize/js/autoptimize_single_d4b73be57230520b8f42847890146166.js]
[greenturflandscaping.com.au/wp-content/cache/autoptimize/js/autoptimize_single_e1c09a0df15120d2a50b77b98f21bc08.js]
[greenturflandscaping.com.au/wp-content/plugins/elementor-pro/assets/js/webpack-pro.runtime.min.js]
[greenturflandscaping.com.au/wp-content/plugins/elementor/assets/js/webpack.runtime.min.js]
[greenturflandscaping.com.au/wp-content/plugins/elementor/assets/js/frontend-modules.min.js]
[greenturflandscaping.com.au/wp-includes/js/dist/hooks.min.js]
[greenturflandscaping.com.au/wp-includes/js/dist/i18n.min.js]
[greenturflandscaping.com.au/wp-content/plugins/elementor-pro/assets/js/frontend.min.js]
[greenturflandscaping.com.au/wp-includes/js/jquery/ui/core.min.js]
[greenturflandscaping.com.au/wp-content/plugins/elementor/assets/js/frontend.min.js]
[greenturflandscaping.com.au/index.html]
[greenturflandscaping.com.au/wp-content/plugins/master-addons/assets/images/symbols.svg]
[greenturflandscaping.com.au/wp-content/cache/autoptimize/css/autoptimize_single_dc863b1ef19fe05c36d0a771da577769.css]
[greenturflandscaping.com.au/wp-content/plugins/elementor-pro/assets/js/elements-handlers.min.js]
[greenturflandscaping.com.au/wp-content/uploads/2023/12/sydney-landscaping-service-01.webp]
[greenturflandscaping.com.au/wp-content/uploads/2023/12/landscaping-service-03.jpg]
[greenturflandscaping.com.au/wp-content/cache/autoptimize/css/autoptimize_single_dc10e6ffa14f6c74e56fd59e26d979e7.css]
[greenturflandscaping.com.au/xmlrpc0db0.html]
[greenturflandscaping.com.au/wp-content/uploads/2023/12/WhatsApp-Image-2023-12-05-at-7.14.32-AM-1.jpg]
[greenturflandscaping.com.au/wp-content/cache/autoptimize/css/autoptimize_single_479243056c137d7345a1c463836f47d8.css]
[greenturflandscaping.com.au/wp-content/uploads/2023/12/sandie-clarke-q13Zq1Jufks-unsplash-1-scaled.jpg]
[greenturflandscaping.com.au/wp-json/wp/v2/pages/896.json]
[greenturflandscaping.com.au/wp-json/oembed/1.0/embed3724.json]
[greenturflandscaping.com.au/wp-json/oembed/1.0/embedbbcf]
[greenturflandscaping.com.au/contact-us/index.html]
[greenturflandscaping.com.au/wp-content/plugins/elementor/assets/lib/flatpickr/flatpickr.min.js]
[greenturflandscaping.com.au/wp-content/cache/autoptimize/css/autoptimize_single_e1153c86b6d9906d2382d13292de5a56.css]
[greenturflandscaping.com.au/wp-json/wp/v2/pages/891.json]
[greenturflandscaping.com.au/wp-json/oembed/1.0/embed647a.json]
[greenturflandscaping.com.au/about/index.html]
[greenturflandscaping.com.au/wp-json/oembed/1.0/embed9c18]
[greenturflandscaping.com.au/wp-content/cache/autoptimize/css/autoptimize_single_52e996915c35b161165ff16e53f99f72.css]
[greenturflandscaping.com.au/wp-json/wp/v2/pages/1969.json]
[greenturflandscaping.com.au/wp-json/oembed/1.0/embedcb1f.json]
[greenturflandscaping.com.au/faq/index.html]
[greenturflandscaping.com.au/wp-json/oembed/1.0/embeda344]
[greenturflandscaping.com.au/wp-content/cache/autoptimize/css/autoptimize_single_f0da253405c25db8a214ec5787e4bffb.css]
[greenturflandscaping.com.au/wp-json/wp/v2/pages/1971.json]
[greenturflandscaping.com.au/wp-json/oembed/1.0/embed4ff4.json]
[greenturflandscaping.com.au/blogs/index.html]
[greenturflandscaping.com.au/wp-json/oembed/1.0/embed6f72]
[greenturflandscaping.com.au/wp-content/cache/autoptimize/css/autoptimize_single_fd2e794388a79f7aed5628153617a4c3.css]
[greenturflandscaping.com.au/wp-json/wp/v2/pages/1162.json]
[greenturflandscaping.com.au/wp-json/oembed/1.0/embed5f29.json]
[greenturflandscaping.com.au/wp-json/oembed/1.0/embeddd0b]
[greenturflandscaping.com.au/wp-content/uploads/2023/12/green-turf-landscaping-013.jpg]
[greenturflandscaping.com.au/wp-content/uploads/2023/12/green-turf-landscaping-022.jpg]
[greenturflandscaping.com.au/wp-content/uploads/2023/12/before-after-05.jpg]
[greenturflandscaping.com.au/wp-content/uploads/2023/12/before-after-04.jpg]
[greenturflandscaping.com.au/wp-content/uploads/2023/12/green-turf-landscaping-014.jpg]
[greenturflandscaping.com.au/wp-content/uploads/2023/12/before-after-03.jpg]
[greenturflandscaping.com.au/wp-content/uploads/2023/12/before-after-02.jpg]
[greenturflandscaping.com.au/wp-content/uploads/2023/12/before-after-01.jpg]
[greenturflandscaping.com.au/work-gallery/index.html]
[greenturflandscaping.com.au/wp-content/uploads/2023/12/before-after-06.jpg]
[greenturflandscaping.com.au/wp-content/cache/autoptimize/css/autoptimize_single_9efeaaf49005f18bccd1f9b95d44d74c.css]
[greenturflandscaping.com.au/wp-json/wp/v2/pages/880.json]
[greenturflandscaping.com.au/wp-json/oembed/1.0/embed2ae6.json]
[greenturflandscaping.com.au/service-areas/index.html]
[greenturflandscaping.com.au/wp-json/oembed/1.0/embed71ba]
[greenturflandscaping.com.au/landscaping-werribee/index.html]
[greenturflandscaping.com.au/landscaping-spotswood/index.html]
[greenturflandscaping.com.au/landscaping-point-cook/index.html]
[greenturflandscaping.com.au/landscaping-tarneit/index.html]
[greenturflandscaping.com.au/wp-content/cache/autoptimize/css/autoptimize_single_5adc8c907f8032ec3304728b24c2db7a.css]
[greenturflandscaping.com.au/landscaping-laverton/index.html]
[greenturflandscaping.com.au/landscaping-footscray/index.html]
[greenturflandscaping.com.au/wp-json/wp/v2/pages/898.json]
[greenturflandscaping.com.au/landscaping-yarraville/index.html]
[greenturflandscaping.com.au/landscaping-seabrook/index.html]
[greenturflandscaping.com.au/landscaping-seddon/index.html]
[greenturflandscaping.com.au/landscaping-altona/index.html]
[greenturflandscaping.com.au/landscaping-altona-north/index.html]
[greenturflandscaping.com.au/wp-json/oembed/1.0/embed8c17.json]
[greenturflandscaping.com.au/landscaping-newport/index.html]
[greenturflandscaping.com.au/landscaping-cocoroc/index.html]
[greenturflandscaping.com.au/landscaping-lovely-banks/index.html]
[greenturflandscaping.com.au/landscaping-mount-cottrell/index.html]
[greenturflandscaping.com.au/landscaping-hoppers-crossing/index.html]
[greenturflandscaping.com.au/wp-json/oembed/1.0/embedd478]
[greenturflandscaping.com.au/landscaping-williams-landing/index.html]
[greenturflandscaping.com.au/landscaping-kingsville/index.html]
[greenturflandscaping.com.au/landscaping-south-kingsville/index.html]
[greenturflandscaping.com.au/landscaping-altona-meadows/index.html]
[greenturflandscaping.com.au/wp-content/uploads/2023/08/google-1110.jpg]
[greenturflandscaping.com.au/landscaping-laverton-north/index.html]
[greenturflandscaping.com.au/landscaping-west-footscray/index.html]
[greenturflandscaping.com.au/wp-content/uploads/2023/08/facebook-001.jpg]
[greenturflandscaping.com.au/instant-quote/index.html]
[greenturflandscaping.com.au/landscaping-maidstone/index.html]
[greenturflandscaping.com.au/landscaping-maribyrnong/index.html]
[greenturflandscaping.com.au/landscaping-sunshine/index.html]
[greenturflandscaping.com.au/landscaping-sunshine-west/index.html]
[greenturflandscaping.com.au/landscaping-sunshine-north/index.html]
[greenturflandscaping.com.au/landscaping-caroline-springs/index.html]
[greenturflandscaping.com.au/landscaping-north-shore/index.html]
[greenturflandscaping.com.au/landscaping-moorabool/index.html]
[greenturflandscaping.com.au/wp-content/cache/autoptimize/css/autoptimize_single_8e1560232b4c9bbd5fe18c3dc81ed52a.css]
[greenturflandscaping.com.au/landscaping-brooklyn/index.html]
[greenturflandscaping.com.au/landscaping-eynesbury/index.html]
[greenturflandscaping.com.au/landscaping-derrimut/index.html]
[greenturflandscaping.com.au/landscaping-deer-park/index.html]
[greenturflandscaping.com.au/landscaping-st-albans/index.html]
[greenturflandscaping.com.au/wp-json/wp/v2/pages/4416.json]
[greenturflandscaping.com.au/landscaping-kealba/index.html]
[greenturflandscaping.com.au/landscaping-keilor-downs/index.html]
[greenturflandscaping.com.au/landscaping-albanvale/index.html]
[greenturflandscaping.com.au/landscaping-cairnlea/index.html]
[greenturflandscaping.com.au/landscaping-burnside/index.html]
[greenturflandscaping.com.au/wp-json/oembed/1.0/embedca0f.json]
[greenturflandscaping.com.au/landscaping-braybrook/index.html]
[greenturflandscaping.com.au/landscaping-ravenhall/index.html]
[greenturflandscaping.com.au/landscaping-avalon/index.html]
[greenturflandscaping.com.au/landscaping-mambourin/index.html]
[greenturflandscaping.com.au/landscaping-wyndham-vale/index.html]
[greenturflandscaping.com.au/wp-json/oembed/1.0/embed4347]
[greenturflandscaping.com.au/landscaping/index.html]
[greenturflandscaping.com.au/landscaping-bannockburn/index.html]
[greenturflandscaping.com.au/landscaping-little-river/index.html]
[greenturflandscaping.com.au/landscaping-werribee-south/index.html]
[greenturflandscaping.com.au/landscaping-manor-lakes/index.html]
[greenturflandscaping.com.au/landscaping-lara/index.html]
[greenturflandscaping.com.au/landscaping-corio/index.html]
[greenturflandscaping.com.au/landscaping-norlane/index.html]
[greenturflandscaping.com.au/landscaping-north-geelong/index.html]
[greenturflandscaping.com.au/wp-content/cache/autoptimize/css/autoptimize_single_d88905f535920a289bf0df71d35c9021.css]
[greenturflandscaping.com.au/landscaping-geelong-west/index.html]
[greenturflandscaping.com.au/landscaping-newtown/index.html]
[greenturflandscaping.com.au/landscaping-highton/index.html]
[greenturflandscaping.com.au/landscaping-belmont/index.html]
[greenturflandscaping.com.au/landscaping-grovedale/index.html]
[greenturflandscaping.com.au/landscaping-geelong/index.html]
[greenturflandscaping.com.au/western-melbourne/index.html]
[greenturflandscaping.com.au/landscaping-leopold/index.html]
[greenturflandscaping.com.au/landscaping-clifton-springs/index.html]
[greenturflandscaping.com.au/landscaping-ocean-grove/index.html]
[greenturflandscaping.com.au/wp-json/wp/v2/pages/4953.json]
[greenturflandscaping.com.au/wp-json/oembed/1.0/embedd298.json]
[greenturflandscaping.com.au/wp-json/oembed/1.0/embed4ed8]
[greenturflandscaping.com.au/artificial-grass/index.html]
[greenturflandscaping.com.au/wp-content/uploads/2023/12/vip-landscape-a013.jpg]
[greenturflandscaping.com.au/wp-content/cache/autoptimize/css/autoptimize_single_516db2c00443c1db5b543fa1ade1c8ed.css]
[greenturflandscaping.com.au/wp-json/wp/v2/pages/4955.json]
[greenturflandscaping.com.au/wp-json/oembed/1.0/embed058d.json]
[greenturflandscaping.com.au/synthetic-grass/index.html]
[greenturflandscaping.com.au/wp-json/oembed/1.0/embede341]
[greenturflandscaping.com.au/wp-content/cache/autoptimize/css/autoptimize_single_ae5c0750d1bd939fb4ebab464579fb2a.css]
[greenturflandscaping.com.au/wp-json/wp/v2/pages/4957.json]
[greenturflandscaping.com.au/wp-json/oembed/1.0/embed6d97.json]
[greenturflandscaping.com.au/wp-json/oembed/1.0/embed9d78]
[greenturflandscaping.com.au/tree-plants/index.html]
[greenturflandscaping.com.au/wp-content/uploads/2023/12/vip-landscape-a010.jpg]
[greenturflandscaping.com.au/wp-content/cache/autoptimize/css/autoptimize_single_d101676ddc198c46dbbfa4bdb7157254.css]
[greenturflandscaping.com.au/wp-json/wp/v2/pages/4959.json]
[greenturflandscaping.com.au/wp-json/oembed/1.0/embedd7d4.json]
[greenturflandscaping.com.au/designing/index.html]
[greenturflandscaping.com.au/wp-json/oembed/1.0/embedcfe3]
[greenturflandscaping.com.au/wp-content/cache/autoptimize/css/autoptimize_single_8da8f6069d688f29b10508dc0627f4ec.css]
[greenturflandscaping.com.au/wp-json/wp/v2/pages/4782.json]
[greenturflandscaping.com.au/wp-json/oembed/1.0/embed96b9.json]
[greenturflandscaping.com.au/tree-removal/index.html]
[greenturflandscaping.com.au/wp-json/oembed/1.0/embed7f1c]
[greenturflandscaping.com.au/wp-content/cache/autoptimize/css/autoptimize_single_de12dcc31ab5946ab2461335b22c1934.css]
[greenturflandscaping.com.au/wp-json/wp/v2/pages/5004.json]
[greenturflandscaping.com.au/wp-json/oembed/1.0/embed4282.json]
[greenturflandscaping.com.au/wp-json/oembed/1.0/embedae17]
[greenturflandscaping.com.au/stump-grinding/index.html]
[greenturflandscaping.com.au/wp-content/cache/autoptimize/css/autoptimize_single_73c874010e5764180f19363474129af7.css]
[greenturflandscaping.com.au/wp-content/uploads/2023/12/Stump-Grinding.jpg]
[greenturflandscaping.com.au/wp-json/wp/v2/pages/5002.json]
[greenturflandscaping.com.au/wp-json/oembed/1.0/embed7f01.json]
[greenturflandscaping.com.au/wp-json/oembed/1.0/embedbb4c]
[greenturflandscaping.com.au/tree-cutting-and-removal/index.html]
[greenturflandscaping.com.au/wp-content/uploads/2023/12/Tree-Cutting-and-Removal.jpg]
[greenturflandscaping.com.au/wp-content/cache/autoptimize/css/autoptimize_single_99d117935b4a274fb5d54fe3fb132256.css]
[greenturflandscaping.com.au/wp-json/wp/v2/pages/5022.json]
[greenturflandscaping.com.au/wp-json/oembed/1.0/embed7079.json]
[greenturflandscaping.com.au/wp-json/oembed/1.0/embed3bc1]
[greenturflandscaping.com.au/timber-fencing/index.html]
[greenturflandscaping.com.au/wp-content/uploads/2023/12/Timber-Fencing-Geelong.png]
[greenturflandscaping.com.au/wp-content/cache/autoptimize/css/autoptimize_single_3d9a6f8f8a1924733d0e36ef4a53f6cd.css]
[greenturflandscaping.com.au/wp-json/wp/v2/pages/4418.json]
[greenturflandscaping.com.au/wp-json/oembed/1.0/embed5328.json]
[greenturflandscaping.com.au/retaining-wall/index.html]
[greenturflandscaping.com.au/wp-json/oembed/1.0/embed62ba]
[greenturflandscaping.com.au/wp-content/cache/autoptimize/css/autoptimize_single_fff768a3a12fa5a0d03c219e326de300.css]
[greenturflandscaping.com.au/wp-json/wp/v2/pages/4428.json]
[greenturflandscaping.com.au/wp-json/oembed/1.0/embedd019.json]
[greenturflandscaping.com.au/colorbond-fencing/index.html]
[greenturflandscaping.com.au/wp-json/oembed/1.0/embed1e32]
[greenturflandscaping.com.au/wp-content/cache/autoptimize/css/autoptimize_single_eb1af182ab6756bb3f8faf95cd58ae1d.css]
[greenturflandscaping.com.au/wp-json/wp/v2/pages/882.json]
[greenturflandscaping.com.au/wp-json/oembed/1.0/embeda945.json]
[greenturflandscaping.com.au/services/index.html]
[greenturflandscaping.com.au/wp-json/oembed/1.0/embed88ea]
[greenturflandscaping.com.au/wp-content/cache/autoptimize/css/autoptimize_single_f3e997e04ac7c819a20b53e445310305.css]
[greenturflandscaping.com.au/wp-json/wp/v2/pages/4422.json]
[greenturflandscaping.com.au/wp-json/oembed/1.0/embedf631.json]
[greenturflandscaping.com.au/paving/index.html]
[greenturflandscaping.com.au/wp-json/oembed/1.0/embeda96d]
[greenturflandscaping.com.au/wp-content/cache/autoptimize/css/autoptimize_single_41a5d0615ccc8fcdcc95b730690ed32d.css]
[greenturflandscaping.com.au/wp-json/wp/v2/pages/4784.json]
[greenturflandscaping.com.au/wp-json/oembed/1.0/embed4632.json]
[greenturflandscaping.com.au/dingo-hire/index.html]
[greenturflandscaping.com.au/wp-json/oembed/1.0/embedb69d]
[greenturflandscaping.com.au/wp-content/cache/autoptimize/css/autoptimize_single_5bf01ac0ef979223ad4d12ed7beb3fab.css]
[greenturflandscaping.com.au/wp-json/wp/v2/pages/4778.json]
[greenturflandscaping.com.au/wp-json/oembed/1.0/embed5696.json]
[greenturflandscaping.com.au/bobcat-hire/index.html]
[greenturflandscaping.com.au/wp-json/oembed/1.0/embedc0d3]
[greenturflandscaping.com.au/wp-content/cache/autoptimize/css/autoptimize_single_a21f7f9f8911678b0269201b933117f4.css]
[greenturflandscaping.com.au/wp-json/wp/v2/pages/4780.json]
[greenturflandscaping.com.au/wp-json/oembed/1.0/embed8b16.json]
[greenturflandscaping.com.au/wp-json/oembed/1.0/embed9c78]
[greenturflandscaping.com.au/earth-moving/index.html]
[greenturflandscaping.com.au/wp-content/uploads/2024/07/Earth-moving-services-Geelong.jpg]
[greenturflandscaping.com.au/wp-content/cache/autoptimize/css/autoptimize_single_9e3abbe5db6bd1f33c82ba5c6be2eadd.css]
[greenturflandscaping.com.au/wp-json/wp/v2/pages/4431.json]
[greenturflandscaping.com.au/wp-json/oembed/1.0/embed0a70.json]
[greenturflandscaping.com.au/soil-and-turfing/index.html]
[greenturflandscaping.com.au/wp-json/oembed/1.0/embed1aa8]
[greenturflandscaping.com.au/wp-content/cache/autoptimize/css/autoptimize_single_b27a55f36f21eb61cf5b36df407168eb.css]
[greenturflandscaping.com.au/wp-json/wp/v2/pages/4424.json]
[greenturflandscaping.com.au/wp-json/oembed/1.0/embed3931.json]
[greenturflandscaping.com.au/wp-json/oembed/1.0/embed75a7]
[greenturflandscaping.com.au/auto-irrigation-system/index.html]
[greenturflandscaping.com.au/wp-content/uploads/2023/12/s5.jpg]
[greenturflandscaping.com.au/wp-content/cache/autoptimize/css/autoptimize_single_77ae7bbbe99852acd12f8b6693d5b976.css]
[greenturflandscaping.com.au/wp-json/wp/v2/pages/4420.json]
[greenturflandscaping.com.au/wp-json/oembed/1.0/embed2dbb.json]
[greenturflandscaping.com.au/synthetic-grass-installation/index.html]
[greenturflandscaping.com.au/wp-content/cache/autoptimize/css/autoptimize_single_479243056c137d7345a1c463836f47d8.css]
[greenturflandscaping.com.au/indexa290.html]
[greenturflandscaping.com.au/wp-content/cache/autoptimize/css/autoptimize_single_e1153c86b6d9906d2382d13292de5a56.css]
[greenturflandscaping.com.au/indexb541.html]
[greenturflandscaping.com.au/wp-json/oembed/1.0/embed8b66]
[greenturflandscaping.com.au/wp-content/uploads/2023/12/sydney-landscaping-service-02.webp]
[greenturflandscaping.com.au/wp-content/cache/autoptimize/css/autoptimize_single_52e996915c35b161165ff16e53f99f72.css]
[greenturflandscaping.com.au/index2a8c.html]
[greenturflandscaping.com.au/wp-content/cache/autoptimize/css/autoptimize_single_f0da253405c25db8a214ec5787e4bffb.css]
[greenturflandscaping.com.au/indexd171.html]
[greenturflandscaping.com.au/wp-content/cache/autoptimize/css/autoptimize_single_fd2e794388a79f7aed5628153617a4c3.css]
[greenturflandscaping.com.au/index7065.html]
[greenturflandscaping.com.au/wp-content/cache/autoptimize/css/autoptimize_single_9efeaaf49005f18bccd1f9b95d44d74c.css]
[greenturflandscaping.com.au/index0d89.html]
[greenturflandscaping.com.au/wp-content/cache/autoptimize/css/autoptimize_single_93d6fc0984391ba8ca99dab7cd59a760.css]
[greenturflandscaping.com.au/wp-json/wp/v2/pages/5058.json]
[greenturflandscaping.com.au/wp-json/oembed/1.0/embed1729.json]
[greenturflandscaping.com.au/landscaping-spotswood/index.html]
[greenturflandscaping.com.au/wp-json/oembed/1.0/embed4f17]
[greenturflandscaping.com.au/wp-content/cache/autoptimize/css/autoptimize_single_c320dd36bb376ee868110d588e1b62a5.css]
[greenturflandscaping.com.au/wp-json/wp/v2/pages/5060.json]
[greenturflandscaping.com.au/wp-json/oembed/1.0/embed89e1.json]
[greenturflandscaping.com.au/landscaping-werribee/index.html]
[greenturflandscaping.com.au/wp-json/oembed/1.0/embedbb5d]
[greenturflandscaping.com.au/wp-content/cache/autoptimize/css/autoptimize_single_efbd8f740df407d74344629513ed7b65.css]
[greenturflandscaping.com.au/wp-json/wp/v2/pages/5062.json]
[greenturflandscaping.com.au/wp-json/oembed/1.0/embed0258.json]
[greenturflandscaping.com.au/landscaping-point-cook/index.html]
[greenturflandscaping.com.au/wp-json/oembed/1.0/embed0308]
[greenturflandscaping.com.au/wp-content/cache/autoptimize/css/autoptimize_single_a2e4336425e9c385c2e7c29e3ed3e81f.css]
[greenturflandscaping.com.au/wp-json/wp/v2/pages/5064.json]
[greenturflandscaping.com.au/wp-json/oembed/1.0/embed6cab.json]
[greenturflandscaping.com.au/landscaping-tarneit/index.html]
[greenturflandscaping.com.au/landscaping-truganina/index.html]
[greenturflandscaping.com.au/wp-json/oembed/1.0/embed278d]
[greenturflandscaping.com.au/wp-content/cache/autoptimize/css/autoptimize_single_81831d43ed1e04bedacb47ce2f4b084a.css]
[greenturflandscaping.com.au/landscaping-truganina-2/index.html]
[greenturflandscaping.com.au/wp-json/wp/v2/pages/5068.json]
[greenturflandscaping.com.au/wp-json/oembed/1.0/embed92e9.json]
[greenturflandscaping.com.au/landscaping-laverton/index.html]
[greenturflandscaping.com.au/wp-json/oembed/1.0/embeda0be]
[greenturflandscaping.com.au/wp-content/cache/autoptimize/css/autoptimize_single_69e4e4065a3503c3023f8487ed445df6.css]
[greenturflandscaping.com.au/wp-json/wp/v2/pages/5070.json]
[greenturflandscaping.com.au/wp-json/oembed/1.0/embed28cd.json]
[greenturflandscaping.com.au/landscaping-footscray/index.html]
[greenturflandscaping.com.au/wp-json/oembed/1.0/embed3e99]
[greenturflandscaping.com.au/wp-content/cache/autoptimize/css/autoptimize_single_403ad6b9a5e16c1a1224dd450b35e446.css]
[greenturflandscaping.com.au/wp-json/wp/v2/pages/5072.json]
[greenturflandscaping.com.au/wp-json/oembed/1.0/embed75a8.json]
[greenturflandscaping.com.au/landscaping-yarraville/index.html]
[greenturflandscaping.com.au/wp-json/oembed/1.0/embedfd57]
[greenturflandscaping.com.au/wp-content/cache/autoptimize/css/autoptimize_single_34882f9423c37beb325b6759158ed18a.css]
[greenturflandscaping.com.au/wp-json/wp/v2/pages/5074.json]
[greenturflandscaping.com.au/wp-json/oembed/1.0/embed2c91.json]
[greenturflandscaping.com.au/landscaping-seabrook/index.html]
[greenturflandscaping.com.au/wp-json/oembed/1.0/embed533a]
[greenturflandscaping.com.au/wp-content/cache/autoptimize/css/autoptimize_single_fa83256a12c3c4b573fe97982990336d.css]
[greenturflandscaping.com.au/wp-json/wp/v2/pages/5076.json]
[greenturflandscaping.com.au/wp-json/oembed/1.0/embede03e.json]
[greenturflandscaping.com.au/landscaping-seddon/index.html]
[greenturflandscaping.com.au/wp-json/oembed/1.0/embedcf80]
[greenturflandscaping.com.au/wp-content/cache/autoptimize/css/autoptimize_single_844f6d385dc9c3cd5428287d8b55acdb.css]
[greenturflandscaping.com.au/wp-json/wp/v2/pages/5078.json]
[greenturflandscaping.com.au/wp-json/oembed/1.0/embed8dff.json]
[greenturflandscaping.com.au/landscaping-altona/index.html]
[greenturflandscaping.com.au/wp-json/oembed/1.0/embed390a]
[greenturflandscaping.com.au/wp-content/cache/autoptimize/css/autoptimize_single_e562138814decf756982123bcda31595.css]
[greenturflandscaping.com.au/wp-json/wp/v2/pages/5080.json]
[greenturflandscaping.com.au/wp-json/oembed/1.0/embedb7d5.json]
[greenturflandscaping.com.au/landscaping-altona-north/index.html]
[greenturflandscaping.com.au/wp-json/oembed/1.0/embed2926]
[greenturflandscaping.com.au/wp-content/cache/autoptimize/css/autoptimize_single_ef5b58581f6482736dcd62f6f911908b.css]
[greenturflandscaping.com.au/wp-json/wp/v2/pages/5082.json]
[greenturflandscaping.com.au/wp-json/oembed/1.0/embed7d00.json]
[greenturflandscaping.com.au/landscaping-newport/index.html]
[greenturflandscaping.com.au/wp-json/oembed/1.0/embed9340]
[greenturflandscaping.com.au/wp-content/cache/autoptimize/css/autoptimize_single_735caf603a2d7aa4781fe069fbbc5154.css]
[greenturflandscaping.com.au/wp-json/wp/v2/pages/5358.json]
[greenturflandscaping.com.au/wp-json/oembed/1.0/embed7947.json]
[greenturflandscaping.com.au/landscaping-cocoroc/index.html]
[greenturflandscaping.com.au/wp-json/oembed/1.0/embeddf6d]
[greenturflandscaping.com.au/wp-content/cache/autoptimize/css/autoptimize_single_051f96efbc78c39a59fe192f74647044.css]
[greenturflandscaping.com.au/wp-json/wp/v2/pages/5360.json]
[greenturflandscaping.com.au/wp-json/oembed/1.0/embeda0d4.json]
[greenturflandscaping.com.au/landscaping-lovely-banks/index.html]
[greenturflandscaping.com.au/wp-json/oembed/1.0/embedcad7]
[greenturflandscaping.com.au/wp-content/cache/autoptimize/css/autoptimize_single_f82f8e68008e21428ab0b1de581603d3.css]
[greenturflandscaping.com.au/wp-json/wp/v2/pages/5375.json]
[greenturflandscaping.com.au/wp-json/oembed/1.0/embeda929.json]
[greenturflandscaping.com.au/landscaping-mount-cottrell/index.html]
[greenturflandscaping.com.au/wp-json/oembed/1.0/embed1ceb]
[greenturflandscaping.com.au/wp-content/cache/autoptimize/css/autoptimize_single_9a7c22f0c78e53b47698d7669fad9611.css]
[greenturflandscaping.com.au/wp-json/wp/v2/pages/5084.json]
[greenturflandscaping.com.au/wp-json/oembed/1.0/embed4409.json]
[greenturflandscaping.com.au/landscaping-hoppers-crossing/index.html]
[greenturflandscaping.com.au/wp-json/oembed/1.0/embed5f2a]
[greenturflandscaping.com.au/wp-content/cache/autoptimize/css/autoptimize_single_a1ac997be1bd32f1bd8a03ade3067d4e.css]
[greenturflandscaping.com.au/wp-json/wp/v2/pages/5086.json]
[greenturflandscaping.com.au/wp-json/oembed/1.0/embedd89d.json]
[greenturflandscaping.com.au/landscaping-williams-landing/index.html]
[greenturflandscaping.com.au/wp-json/oembed/1.0/embed887a]
[greenturflandscaping.com.au/wp-content/cache/autoptimize/css/autoptimize_single_cb91965f47d25dc39a4cd6e1e26d0dbc.css]
[greenturflandscaping.com.au/wp-json/wp/v2/pages/5088.json]
[greenturflandscaping.com.au/wp-json/oembed/1.0/embed0057.json]
[greenturflandscaping.com.au/landscaping-south-kingsville/index.html]
[greenturflandscaping.com.au/wp-json/oembed/1.0/embed6b63]
[greenturflandscaping.com.au/wp-content/cache/autoptimize/css/autoptimize_single_f49d7e832b2699997bca745e175a5ca9.css]
[greenturflandscaping.com.au/wp-json/wp/v2/pages/5090.json]
[greenturflandscaping.com.au/wp-json/oembed/1.0/embed8fed.json]
[greenturflandscaping.com.au/landscaping-kingsville/index.html]
[greenturflandscaping.com.au/wp-json/oembed/1.0/embed0906]
[greenturflandscaping.com.au/wp-content/cache/autoptimize/css/autoptimize_single_56c519a5e7fd9827bd2b9eb53f53e50d.css]
[greenturflandscaping.com.au/wp-json/wp/v2/pages/5092.json]
[greenturflandscaping.com.au/wp-json/oembed/1.0/embed3120.json]
[greenturflandscaping.com.au/landscaping-altona-meadows/index.html]
[greenturflandscaping.com.au/wp-json/oembed/1.0/embed9aa0]
[greenturflandscaping.com.au/wp-content/cache/autoptimize/css/autoptimize_single_5cca82fdf8c986dcc4b8e4175dc132af.css]
[greenturflandscaping.com.au/wp-json/wp/v2/pages/5094.json]
[greenturflandscaping.com.au/wp-json/oembed/1.0/embede0b7.json]
[greenturflandscaping.com.au/landscaping-laverton-north/index.html]
[greenturflandscaping.com.au/wp-json/oembed/1.0/embed0b0c]
[greenturflandscaping.com.au/wp-content/cache/autoptimize/css/autoptimize_single_590a949e3ab3ade011e1151ff37fc41c.css]
[greenturflandscaping.com.au/wp-json/wp/v2/pages/5096.json]
[greenturflandscaping.com.au/wp-json/oembed/1.0/embed7ba2.json]
[greenturflandscaping.com.au/landscaping-west-footscray/index.html]
[greenturflandscaping.com.au/wp-json/oembed/1.0/embed1206]
[greenturflandscaping.com.au/wp-content/cache/autoptimize/css/autoptimize_single_194c7805fea3c8b0adc30778d504c32e.css]
[greenturflandscaping.com.au/wp-json/wp/v2/pages/5098.json]
[greenturflandscaping.com.au/wp-json/oembed/1.0/embed5e4e.json]
[greenturflandscaping.com.au/landscaping-maidstone/index.html]
[greenturflandscaping.com.au/wp-json/oembed/1.0/embedafeb]
[greenturflandscaping.com.au/wp-content/cache/autoptimize/css/autoptimize_single_6f69ed0e12027b817d033b8ca8c933a6.css]
[greenturflandscaping.com.au/wp-json/wp/v2/pages/5100.json]
[greenturflandscaping.com.au/wp-json/oembed/1.0/embedd79b.json]
[greenturflandscaping.com.au/landscaping-maribyrnong/index.html]
[greenturflandscaping.com.au/wp-json/oembed/1.0/embede8b3]
[greenturflandscaping.com.au/wp-content/cache/autoptimize/css/autoptimize_single_cd627b54ce32a2b9d5f89c59f395dd80.css]
[greenturflandscaping.com.au/wp-json/wp/v2/pages/5102.json]
[greenturflandscaping.com.au/wp-json/oembed/1.0/embed86f1.json]
[greenturflandscaping.com.au/landscaping-sunshine/index.html]
[greenturflandscaping.com.au/wp-json/oembed/1.0/embed6ef3]
[greenturflandscaping.com.au/wp-content/cache/autoptimize/css/autoptimize_single_f619d84d206483b3340d27e14f8fab73.css]
[greenturflandscaping.com.au/wp-json/wp/v2/pages/5104.json]
[greenturflandscaping.com.au/wp-json/oembed/1.0/embed4584.json]
[greenturflandscaping.com.au/landscaping-sunshine-west/index.html]
[greenturflandscaping.com.au/wp-json/oembed/1.0/embed4f53]
[greenturflandscaping.com.au/wp-content/cache/autoptimize/css/autoptimize_single_5bf4838057a8ad39877046363255524d.css]
[greenturflandscaping.com.au/wp-json/wp/v2/pages/5106.json]
[greenturflandscaping.com.au/wp-json/oembed/1.0/embedd79a.json]
[greenturflandscaping.com.au/landscaping-sunshine-north/index.html]
[greenturflandscaping.com.au/wp-json/oembed/1.0/embed27b0]
[greenturflandscaping.com.au/wp-content/cache/autoptimize/css/autoptimize_single_e8aeae100e5cba967afc910a5d98f445.css]
[greenturflandscaping.com.au/wp-json/wp/v2/pages/5108.json]
[greenturflandscaping.com.au/wp-json/oembed/1.0/embed8b54.json]
[greenturflandscaping.com.au/landscaping-caroline-springs/index.html]
[greenturflandscaping.com.au/wp-json/oembed/1.0/embed4ea0]
[greenturflandscaping.com.au/wp-content/cache/autoptimize/css/autoptimize_single_815fdc9ef2ec49770f28a54be6e9e923.css]
[greenturflandscaping.com.au/wp-json/wp/v2/pages/5362.json]
[greenturflandscaping.com.au/wp-json/oembed/1.0/embedcf45.json]
[greenturflandscaping.com.au/landscaping-north-shore/index.html]
[greenturflandscaping.com.au/wp-json/oembed/1.0/embed486b]
[greenturflandscaping.com.au/wp-content/cache/autoptimize/css/autoptimize_single_ff1388da302829c32ebd3de057a2e4dd.css]
[greenturflandscaping.com.au/wp-json/wp/v2/pages/5365.json]
[greenturflandscaping.com.au/wp-json/oembed/1.0/embed0b34.json]
[greenturflandscaping.com.au/landscaping-moorabool/index.html]
[greenturflandscaping.com.au/wp-json/oembed/1.0/embed45e8]
[greenturflandscaping.com.au/wp-content/cache/autoptimize/css/autoptimize_single_78d50cf9b74817499430697d4cbcd533.css]
[greenturflandscaping.com.au/wp-json/wp/v2/pages/5377.json]
[greenturflandscaping.com.au/wp-json/oembed/1.0/embed762c.json]
[greenturflandscaping.com.au/landscaping-eynesbury/index.html]
[greenturflandscaping.com.au/wp-json/oembed/1.0/embedd02f]
[greenturflandscaping.com.au/wp-content/cache/autoptimize/css/autoptimize_single_199dfac7a605eeb5856b8919d0ff67e6.css]
[greenturflandscaping.com.au/wp-json/wp/v2/pages/5110.json]
[greenturflandscaping.com.au/wp-json/oembed/1.0/embedbdd0.json]
[greenturflandscaping.com.au/landscaping-brooklyn/index.html]
[greenturflandscaping.com.au/wp-json/oembed/1.0/embed9806]
[greenturflandscaping.com.au/wp-content/cache/autoptimize/css/autoptimize_single_68ae6d9974a06f214d746d9684412b98.css]
[greenturflandscaping.com.au/wp-json/wp/v2/pages/5112.json]
[greenturflandscaping.com.au/wp-json/oembed/1.0/embedd364.json]
[greenturflandscaping.com.au/landscaping-deer-park/index.html]
[greenturflandscaping.com.au/wp-json/oembed/1.0/embed5356]
[greenturflandscaping.com.au/wp-content/cache/autoptimize/css/autoptimize_single_45a838a65a51ca6ab16430f2104bdbc2.css]
[greenturflandscaping.com.au/wp-json/wp/v2/pages/5114.json]
[greenturflandscaping.com.au/wp-json/oembed/1.0/embed898f.json]
[greenturflandscaping.com.au/landscaping-derrimut/index.html]
[greenturflandscaping.com.au/wp-json/oembed/1.0/embedfe2a]
[greenturflandscaping.com.au/wp-content/cache/autoptimize/css/autoptimize_single_ada84586a274b8d1de470d8465b73fd8.css]
[greenturflandscaping.com.au/wp-json/wp/v2/pages/5116.json]
[greenturflandscaping.com.au/wp-json/oembed/1.0/embedf02b.json]
[greenturflandscaping.com.au/landscaping-st-albans/index.html]
[greenturflandscaping.com.au/wp-json/oembed/1.0/embed6ea5]
[greenturflandscaping.com.au/wp-content/cache/autoptimize/css/autoptimize_single_710f1e8786e48c22141c71e6912a8d44.css]
[greenturflandscaping.com.au/wp-json/wp/v2/pages/5118.json]
[greenturflandscaping.com.au/wp-json/oembed/1.0/embed44f5.json]
[greenturflandscaping.com.au/landscaping-kealba/index.html]
[greenturflandscaping.com.au/wp-json/oembed/1.0/embed8f13]
[greenturflandscaping.com.au/wp-content/cache/autoptimize/css/autoptimize_single_c2200b590275f2206f55aae8d41232d4.css]
[greenturflandscaping.com.au/wp-json/wp/v2/pages/5120.json]
[greenturflandscaping.com.au/wp-json/oembed/1.0/embed67da.json]
[greenturflandscaping.com.au/landscaping-keilor-downs/index.html]
[greenturflandscaping.com.au/wp-json/oembed/1.0/embed6e40]
[greenturflandscaping.com.au/wp-content/cache/autoptimize/css/autoptimize_single_097d8ad3f05d2026ead40529ec0896b6.css]
[greenturflandscaping.com.au/wp-json/wp/v2/pages/5122.json]
[greenturflandscaping.com.au/wp-json/oembed/1.0/embedbcb7.json]
[greenturflandscaping.com.au/landscaping-cairnlea/index.html]
[greenturflandscaping.com.au/wp-json/oembed/1.0/embedbd8e]
[greenturflandscaping.com.au/wp-content/cache/autoptimize/css/autoptimize_single_d2125f99f0f9d08dafc4d4b43b10c309.css]
[greenturflandscaping.com.au/wp-json/wp/v2/pages/5124.json]
[greenturflandscaping.com.au/wp-json/oembed/1.0/embed634e.json]
[greenturflandscaping.com.au/landscaping-albanvale/index.html]
[greenturflandscaping.com.au/wp-json/oembed/1.0/embedd538]
[greenturflandscaping.com.au/wp-content/cache/autoptimize/css/autoptimize_single_b1286fc64eb301b4af9909b7e501e243.css]
[greenturflandscaping.com.au/wp-json/wp/v2/pages/5126.json]
[greenturflandscaping.com.au/wp-json/oembed/1.0/embedfd10.json]
[greenturflandscaping.com.au/landscaping-burnside/index.html]
[greenturflandscaping.com.au/wp-json/oembed/1.0/embed5583]
[greenturflandscaping.com.au/wp-content/cache/autoptimize/css/autoptimize_single_d695f44fa567e692969e42af45ec7a5e.css]
[greenturflandscaping.com.au/wp-json/wp/v2/pages/5128.json]
[greenturflandscaping.com.au/wp-json/oembed/1.0/embed0e76.json]
[greenturflandscaping.com.au/landscaping-braybrook/index.html]
[greenturflandscaping.com.au/wp-json/oembed/1.0/embedbfc0]
[greenturflandscaping.com.au/wp-content/cache/autoptimize/css/autoptimize_single_e743df8f2c2b97da814ee732bb6bd247.css]
[greenturflandscaping.com.au/wp-json/wp/v2/pages/5130.json]
[greenturflandscaping.com.au/wp-json/oembed/1.0/embedb98e.json]
[greenturflandscaping.com.au/landscaping-ravenhall/index.html]
[greenturflandscaping.com.au/wp-json/oembed/1.0/embed302e]
[greenturflandscaping.com.au/wp-content/cache/autoptimize/css/autoptimize_single_3a5a70f4e5f7c214eb95498dee947379.css]
[greenturflandscaping.com.au/wp-json/wp/v2/pages/5356.json]
[greenturflandscaping.com.au/wp-json/oembed/1.0/embed3de8.json]
[greenturflandscaping.com.au/landscaping-avalon/index.html]
[greenturflandscaping.com.au/wp-json/oembed/1.0/embed8bf5]
[greenturflandscaping.com.au/wp-content/cache/autoptimize/css/autoptimize_single_4ba4d4b84abd124c07ad1ac17b93c16a.css]
[greenturflandscaping.com.au/wp-json/wp/v2/pages/5134.json]
[greenturflandscaping.com.au/wp-json/oembed/1.0/embed95bf.json]
[greenturflandscaping.com.au/landscaping-wyndham-vale/index.html]
[greenturflandscaping.com.au/wp-json/oembed/1.0/embeda47f]
[greenturflandscaping.com.au/wp-content/cache/autoptimize/css/autoptimize_single_81fbe5eed28eecfa3155ea3ccba37d4f.css]
[greenturflandscaping.com.au/wp-json/wp/v2/pages/5367.json]
[greenturflandscaping.com.au/wp-json/oembed/1.0/embedbca9.json]
[greenturflandscaping.com.au/landscaping-mambourin/index.html]
[greenturflandscaping.com.au/wp-json/oembed/1.0/embed52ac]
[greenturflandscaping.com.au/wp-content/cache/autoptimize/css/autoptimize_single_212ee342e68efeeff1177005f7256c6e.css]
[greenturflandscaping.com.au/wp-json/wp/v2/pages/5369.json]
[greenturflandscaping.com.au/wp-json/oembed/1.0/embed663c.json]
[greenturflandscaping.com.au/landscaping-bannockburn/index.html]
[greenturflandscaping.com.au/wp-json/oembed/1.0/embed1384]
[greenturflandscaping.com.au/wp-content/cache/autoptimize/css/autoptimize_single_520045934910fa839e420a4759681563.css]
[greenturflandscaping.com.au/wp-json/wp/v2/pages/5379.json]
[greenturflandscaping.com.au/wp-json/oembed/1.0/embed32f4.json]
[greenturflandscaping.com.au/landscaping-werribee-south/index.html]
[greenturflandscaping.com.au/wp-json/oembed/1.0/embedece3]
[greenturflandscaping.com.au/wp-content/cache/autoptimize/css/autoptimize_single_125337263780cf0fe904f50a98654df6.css]
[greenturflandscaping.com.au/wp-json/wp/v2/pages/5136.json]
[greenturflandscaping.com.au/wp-json/oembed/1.0/embedb3e5.json]
[greenturflandscaping.com.au/landscaping-manor-lakes/index.html]
[greenturflandscaping.com.au/wp-json/oembed/1.0/embed1cbe]
[greenturflandscaping.com.au/wp-content/cache/autoptimize/css/autoptimize_single_b3b198c7981d80848cd20f2b031ada56.css]
[greenturflandscaping.com.au/wp-json/wp/v2/pages/5138.json]
[greenturflandscaping.com.au/wp-json/oembed/1.0/embedbd34.json]
[greenturflandscaping.com.au/landscaping-little-river/index.html]
[greenturflandscaping.com.au/wp-json/oembed/1.0/embed6535]
[greenturflandscaping.com.au/wp-content/cache/autoptimize/css/autoptimize_single_868f3012eab0f9069caa8a98c2b0025d.css]
[greenturflandscaping.com.au/wp-json/wp/v2/pages/5140.json]
[greenturflandscaping.com.au/wp-json/oembed/1.0/embed33a6.json]
[greenturflandscaping.com.au/landscaping-lara/index.html]
[greenturflandscaping.com.au/wp-json/oembed/1.0/embed5108]
[greenturflandscaping.com.au/wp-content/cache/autoptimize/css/autoptimize_single_bf930eb11b9d8ad73b389fb504005d48.css]
[greenturflandscaping.com.au/wp-json/wp/v2/pages/5142.json]
[greenturflandscaping.com.au/wp-json/oembed/1.0/embed2e20.json]
[greenturflandscaping.com.au/landscaping-corio/index.html]
[greenturflandscaping.com.au/wp-json/oembed/1.0/embed4931]
[greenturflandscaping.com.au/wp-content/cache/autoptimize/css/autoptimize_single_abd508d026261bf02527a6f65f99343e.css]
[greenturflandscaping.com.au/wp-json/wp/v2/pages/5144.json]
[greenturflandscaping.com.au/wp-json/oembed/1.0/embed1626.json]
[greenturflandscaping.com.au/landscaping-norlane/index.html]
[greenturflandscaping.com.au/wp-json/oembed/1.0/embed88f8]
[greenturflandscaping.com.au/wp-content/cache/autoptimize/css/autoptimize_single_4c24e6137c2f5b797cfe74f44c4d266c.css]
[greenturflandscaping.com.au/wp-json/wp/v2/pages/5146.json]
[greenturflandscaping.com.au/wp-json/oembed/1.0/embed913a.json]
[greenturflandscaping.com.au/landscaping-north-geelong/index.html]
[greenturflandscaping.com.au/wp-json/oembed/1.0/embedf05d]
[greenturflandscaping.com.au/wp-content/cache/autoptimize/css/autoptimize_single_3ced8c361d7242bea9dabd688b5005cc.css]
[greenturflandscaping.com.au/wp-json/wp/v2/pages/5148.json]
[greenturflandscaping.com.au/wp-json/oembed/1.0/embede3f1.json]
[greenturflandscaping.com.au/landscaping-geelong-west/index.html]
[greenturflandscaping.com.au/wp-json/oembed/1.0/embeda0ad]
[greenturflandscaping.com.au/wp-content/cache/autoptimize/css/autoptimize_single_e43e408b906897657f8706da6f5782d7.css]
[greenturflandscaping.com.au/wp-json/wp/v2/pages/5151.json]
[greenturflandscaping.com.au/wp-json/oembed/1.0/embed5bae.json]
[greenturflandscaping.com.au/landscaping-newtown/index.html]
[greenturflandscaping.com.au/wp-json/oembed/1.0/embed52fe]
[greenturflandscaping.com.au/wp-content/cache/autoptimize/css/autoptimize_single_809b69353f2815dca92ba80a4897a29a.css]
[greenturflandscaping.com.au/wp-json/wp/v2/pages/5153.json]
[greenturflandscaping.com.au/wp-json/oembed/1.0/embed16e5.json]
[greenturflandscaping.com.au/landscaping-highton/index.html]
[greenturflandscaping.com.au/wp-json/oembed/1.0/embede850]
[greenturflandscaping.com.au/wp-content/cache/autoptimize/css/autoptimize_single_ccb6249f2669d17fbebb2b7b4bd37723.css]
[greenturflandscaping.com.au/wp-json/wp/v2/pages/5155.json]
[greenturflandscaping.com.au/wp-json/oembed/1.0/embedfc76.json]
[greenturflandscaping.com.au/landscaping-belmont/index.html]
[greenturflandscaping.com.au/wp-json/oembed/1.0/embed8c96]
[greenturflandscaping.com.au/wp-content/cache/autoptimize/css/autoptimize_single_342c4ceec200871dd76c4781b136964e.css]
[greenturflandscaping.com.au/wp-json/wp/v2/pages/5157.json]
[greenturflandscaping.com.au/wp-json/oembed/1.0/embedd93a.json]
[greenturflandscaping.com.au/landscaping-grovedale/index.html]
[greenturflandscaping.com.au/wp-json/oembed/1.0/embedeafe]
[greenturflandscaping.com.au/wp-content/cache/autoptimize/css/autoptimize_single_7c8189882f5349b2e7bdfe82058d0cab.css]
[greenturflandscaping.com.au/wp-json/wp/v2/pages/5159.json]
[greenturflandscaping.com.au/wp-json/oembed/1.0/embedf301.json]
[greenturflandscaping.com.au/landscaping-geelong/index.html]
[greenturflandscaping.com.au/wp-json/oembed/1.0/embed759e]
[greenturflandscaping.com.au/wp-content/cache/autoptimize/css/autoptimize_single_f1e7f2d956a087b2f9e1fa38eabe7a18.css]
[greenturflandscaping.com.au/wp-json/wp/v2/pages/5161.json]
[greenturflandscaping.com.au/wp-json/oembed/1.0/embede24e.json]
[greenturflandscaping.com.au/western-melbourne/index.html]
[greenturflandscaping.com.au/wp-json/oembed/1.0/embed2431]
[greenturflandscaping.com.au/wp-content/cache/autoptimize/css/autoptimize_single_059239789bfba8832c417de13c48e6e9.css]
[greenturflandscaping.com.au/wp-json/wp/v2/pages/5386.json]
[greenturflandscaping.com.au/wp-json/oembed/1.0/embedfe8b.json]
[greenturflandscaping.com.au/landscaping-leopold/index.html]
[greenturflandscaping.com.au/wp-json/oembed/1.0/embed878a]
[greenturflandscaping.com.au/wp-content/cache/autoptimize/css/autoptimize_single_bfa9da764905c5c908e4ee8abb739a1d.css]
[greenturflandscaping.com.au/wp-json/wp/v2/pages/5373.json]
[greenturflandscaping.com.au/wp-json/oembed/1.0/embedeefb.json]
[greenturflandscaping.com.au/landscaping-clifton-springs/index.html]
[greenturflandscaping.com.au/wp-json/oembed/1.0/embed446a]
[greenturflandscaping.com.au/wp-content/cache/autoptimize/css/autoptimize_single_1f81ba7ccd9830e170d4fa4488ce9a57.css]
[greenturflandscaping.com.au/wp-json/wp/v2/pages/5381.json]
[greenturflandscaping.com.au/wp-json/oembed/1.0/embedaebb.json]
[greenturflandscaping.com.au/landscaping-ocean-grove/index.html]
[greenturflandscaping.com.au/wp-content/cache/autoptimize/css/autoptimize_single_5adc8c907f8032ec3304728b24c2db7a.css]
[greenturflandscaping.com.au/indexd255.html]
[greenturflandscaping.com.au/wp-content/cache/autoptimize/css/autoptimize_single_8e1560232b4c9bbd5fe18c3dc81ed52a.css]
[greenturflandscaping.com.au/indexd8cf.html]
[greenturflandscaping.com.au/wp-content/cache/autoptimize/css/autoptimize_single_d88905f535920a289bf0df71d35c9021.css]
[greenturflandscaping.com.au/index6a21.html]
[greenturflandscaping.com.au/wp-content/cache/autoptimize/css/autoptimize_single_516db2c00443c1db5b543fa1ade1c8ed.css]
[greenturflandscaping.com.au/indexdca8.html]
[greenturflandscaping.com.au/wp-content/cache/autoptimize/css/autoptimize_single_ae5c0750d1bd939fb4ebab464579fb2a.css]
[greenturflandscaping.com.au/indexecb3.html]
[greenturflandscaping.com.au/wp-content/cache/autoptimize/css/autoptimize_single_d101676ddc198c46dbbfa4bdb7157254.css]
[greenturflandscaping.com.au/index2b7a.html]
[greenturflandscaping.com.au/wp-content/cache/autoptimize/css/autoptimize_single_8da8f6069d688f29b10508dc0627f4ec.css]
[greenturflandscaping.com.au/index5729.html]
[greenturflandscaping.com.au/wp-content/cache/autoptimize/css/autoptimize_single_de12dcc31ab5946ab2461335b22c1934.css]
[greenturflandscaping.com.au/index6ce7.html]
[greenturflandscaping.com.au/wp-content/cache/autoptimize/css/autoptimize_single_73c874010e5764180f19363474129af7.css]
[greenturflandscaping.com.au/index44a3.html]
[greenturflandscaping.com.au/wp-content/cache/autoptimize/css/autoptimize_single_99d117935b4a274fb5d54fe3fb132256.css]
[greenturflandscaping.com.au/index430a.html]
[greenturflandscaping.com.au/wp-content/cache/autoptimize/css/autoptimize_single_3d9a6f8f8a1924733d0e36ef4a53f6cd.css]
[greenturflandscaping.com.au/index4219.html]
[greenturflandscaping.com.au/wp-content/cache/autoptimize/css/autoptimize_single_fff768a3a12fa5a0d03c219e326de300.css]
[greenturflandscaping.com.au/indexfbc3.html]
[greenturflandscaping.com.au/wp-content/cache/autoptimize/css/autoptimize_single_eb1af182ab6756bb3f8faf95cd58ae1d.css]
[greenturflandscaping.com.au/index8381.html]
[greenturflandscaping.com.au/wp-content/cache/autoptimize/css/autoptimize_single_f3e997e04ac7c819a20b53e445310305.css]
[greenturflandscaping.com.au/indexb555.html]
[greenturflandscaping.com.au/wp-content/cache/autoptimize/css/autoptimize_single_41a5d0615ccc8fcdcc95b730690ed32d.css]
[greenturflandscaping.com.au/index6ea7.html]
[greenturflandscaping.com.au/wp-content/cache/autoptimize/css/autoptimize_single_5bf01ac0ef979223ad4d12ed7beb3fab.css]
[greenturflandscaping.com.au/indexc42e.html]
[greenturflandscaping.com.au/wp-content/cache/autoptimize/css/autoptimize_single_a21f7f9f8911678b0269201b933117f4.css]
[greenturflandscaping.com.au/indexe8fa.html]
[greenturflandscaping.com.au/wp-content/cache/autoptimize/css/autoptimize_single_9e3abbe5db6bd1f33c82ba5c6be2eadd.css]
[greenturflandscaping.com.au/index8ba8.html]
[greenturflandscaping.com.au/wp-content/cache/autoptimize/css/autoptimize_single_b27a55f36f21eb61cf5b36df407168eb.css]
[greenturflandscaping.com.au/index62c7.html]
[greenturflandscaping.com.au/wp-content/cache/autoptimize/css/autoptimize_single_77ae7bbbe99852acd12f8b6693d5b976.css]
[greenturflandscaping.com.au/index347a.html]
[greenturflandscaping.com.au/wp-content/cache/autoptimize/css/autoptimize_single_93d6fc0984391ba8ca99dab7cd59a760.css]
[greenturflandscaping.com.au/indexbf6d.html]
[greenturflandscaping.com.au/wp-content/cache/autoptimize/css/autoptimize_single_c320dd36bb376ee868110d588e1b62a5.css]
[greenturflandscaping.com.au/index652c.html]
[greenturflandscaping.com.au/wp-content/cache/autoptimize/css/autoptimize_single_efbd8f740df407d74344629513ed7b65.css]
[greenturflandscaping.com.au/indexc853.html]
[greenturflandscaping.com.au/wp-content/cache/autoptimize/css/autoptimize_single_a2e4336425e9c385c2e7c29e3ed3e81f.css]
[greenturflandscaping.com.au/index95fc.html]
[greenturflandscaping.com.au/wp-json/oembed/1.0/embed207c]
[greenturflandscaping.com.au/wp-content/cache/autoptimize/css/autoptimize_single_c3f0b2a3c37f374c3b1455a7495493b7.css]
[greenturflandscaping.com.au/wp-json/wp/v2/pages/5132.json]
[greenturflandscaping.com.au/wp-json/oembed/1.0/embed0031.json]
[greenturflandscaping.com.au/landscaping-truganina-2/index.html]
[greenturflandscaping.com.au/wp-content/cache/autoptimize/css/autoptimize_single_81831d43ed1e04bedacb47ce2f4b084a.css]
[greenturflandscaping.com.au/index3b19.html]
[greenturflandscaping.com.au/wp-content/cache/autoptimize/css/autoptimize_single_69e4e4065a3503c3023f8487ed445df6.css]
[greenturflandscaping.com.au/index1227.html]
[greenturflandscaping.com.au/wp-content/cache/autoptimize/css/autoptimize_single_403ad6b9a5e16c1a1224dd450b35e446.css]
[greenturflandscaping.com.au/index7531.html]
[greenturflandscaping.com.au/wp-content/cache/autoptimize/css/autoptimize_single_34882f9423c37beb325b6759158ed18a.css]
[greenturflandscaping.com.au/indexe5ae.html]
[greenturflandscaping.com.au/wp-content/cache/autoptimize/css/autoptimize_single_fa83256a12c3c4b573fe97982990336d.css]
[greenturflandscaping.com.au/indexf965.html]
[greenturflandscaping.com.au/wp-content/cache/autoptimize/css/autoptimize_single_844f6d385dc9c3cd5428287d8b55acdb.css]
[greenturflandscaping.com.au/index74eb.html]
[greenturflandscaping.com.au/wp-content/cache/autoptimize/css/autoptimize_single_e562138814decf756982123bcda31595.css]
[greenturflandscaping.com.au/indexd7f0.html]
[greenturflandscaping.com.au/wp-content/cache/autoptimize/css/autoptimize_single_ef5b58581f6482736dcd62f6f911908b.css]
[greenturflandscaping.com.au/index13a6.html]
[greenturflandscaping.com.au/wp-content/cache/autoptimize/css/autoptimize_single_735caf603a2d7aa4781fe069fbbc5154.css]
[greenturflandscaping.com.au/index721e.html]
[greenturflandscaping.com.au/wp-content/cache/autoptimize/css/autoptimize_single_051f96efbc78c39a59fe192f74647044.css]
[greenturflandscaping.com.au/indexbd36.html]
[greenturflandscaping.com.au/wp-content/cache/autoptimize/css/autoptimize_single_f82f8e68008e21428ab0b1de581603d3.css]
[greenturflandscaping.com.au/index1470.html]
[greenturflandscaping.com.au/wp-content/cache/autoptimize/css/autoptimize_single_9a7c22f0c78e53b47698d7669fad9611.css]
[greenturflandscaping.com.au/indexe18a.html]
[greenturflandscaping.com.au/wp-content/cache/autoptimize/css/autoptimize_single_a1ac997be1bd32f1bd8a03ade3067d4e.css]
[greenturflandscaping.com.au/index4201.html]
[greenturflandscaping.com.au/wp-content/cache/autoptimize/css/autoptimize_single_cb91965f47d25dc39a4cd6e1e26d0dbc.css]
[greenturflandscaping.com.au/indexd63f.html]
[greenturflandscaping.com.au/wp-content/cache/autoptimize/css/autoptimize_single_f49d7e832b2699997bca745e175a5ca9.css]
[greenturflandscaping.com.au/index4d68.html]
[greenturflandscaping.com.au/wp-content/cache/autoptimize/css/autoptimize_single_56c519a5e7fd9827bd2b9eb53f53e50d.css]
[greenturflandscaping.com.au/index9cbb.html]
[greenturflandscaping.com.au/wp-content/cache/autoptimize/css/autoptimize_single_5cca82fdf8c986dcc4b8e4175dc132af.css]
[greenturflandscaping.com.au/index9d63.html]
[greenturflandscaping.com.au/wp-content/cache/autoptimize/css/autoptimize_single_590a949e3ab3ade011e1151ff37fc41c.css]
[greenturflandscaping.com.au/index078c.html]
[greenturflandscaping.com.au/wp-content/cache/autoptimize/css/autoptimize_single_194c7805fea3c8b0adc30778d504c32e.css]
[greenturflandscaping.com.au/indexee1f.html]
[greenturflandscaping.com.au/wp-content/cache/autoptimize/css/autoptimize_single_6f69ed0e12027b817d033b8ca8c933a6.css]
[greenturflandscaping.com.au/indexd6d4.html]
[greenturflandscaping.com.au/wp-content/cache/autoptimize/css/autoptimize_single_cd627b54ce32a2b9d5f89c59f395dd80.css]
[greenturflandscaping.com.au/indexf0eb.html]
[greenturflandscaping.com.au/wp-content/cache/autoptimize/css/autoptimize_single_f619d84d206483b3340d27e14f8fab73.css]
[greenturflandscaping.com.au/index129d.html]
[greenturflandscaping.com.au/wp-content/cache/autoptimize/css/autoptimize_single_5bf4838057a8ad39877046363255524d.css]
[greenturflandscaping.com.au/index1b0b.html]
[greenturflandscaping.com.au/wp-content/cache/autoptimize/css/autoptimize_single_e8aeae100e5cba967afc910a5d98f445.css]
[greenturflandscaping.com.au/index15c0.html]
[greenturflandscaping.com.au/wp-content/cache/autoptimize/css/autoptimize_single_815fdc9ef2ec49770f28a54be6e9e923.css]
[greenturflandscaping.com.au/index7da3.html]
[greenturflandscaping.com.au/wp-content/cache/autoptimize/css/autoptimize_single_ff1388da302829c32ebd3de057a2e4dd.css]
[greenturflandscaping.com.au/index081f.html]
[greenturflandscaping.com.au/wp-content/cache/autoptimize/css/autoptimize_single_78d50cf9b74817499430697d4cbcd533.css]
[greenturflandscaping.com.au/indexf06a.html]
[greenturflandscaping.com.au/wp-content/cache/autoptimize/css/autoptimize_single_199dfac7a605eeb5856b8919d0ff67e6.css]
[greenturflandscaping.com.au/indexf126.html]
[greenturflandscaping.com.au/wp-content/cache/autoptimize/css/autoptimize_single_68ae6d9974a06f214d746d9684412b98.css]
[greenturflandscaping.com.au/index48ca.html]
[greenturflandscaping.com.au/wp-content/cache/autoptimize/css/autoptimize_single_45a838a65a51ca6ab16430f2104bdbc2.css]
[greenturflandscaping.com.au/index6061.html]
[greenturflandscaping.com.au/wp-content/cache/autoptimize/css/autoptimize_single_ada84586a274b8d1de470d8465b73fd8.css]
[greenturflandscaping.com.au/index149a.html]
[greenturflandscaping.com.au/wp-content/cache/autoptimize/css/autoptimize_single_710f1e8786e48c22141c71e6912a8d44.css]
[greenturflandscaping.com.au/index2322.html]
[greenturflandscaping.com.au/wp-content/cache/autoptimize/css/autoptimize_single_c2200b590275f2206f55aae8d41232d4.css]
[greenturflandscaping.com.au/indexd988.html]
[greenturflandscaping.com.au/wp-content/cache/autoptimize/css/autoptimize_single_097d8ad3f05d2026ead40529ec0896b6.css]
[greenturflandscaping.com.au/index6561.html]
[greenturflandscaping.com.au/wp-content/cache/autoptimize/css/autoptimize_single_d2125f99f0f9d08dafc4d4b43b10c309.css]
[greenturflandscaping.com.au/index9d84.html]
[greenturflandscaping.com.au/wp-content/cache/autoptimize/css/autoptimize_single_b1286fc64eb301b4af9909b7e501e243.css]
[greenturflandscaping.com.au/indexaa0a.html]
[greenturflandscaping.com.au/wp-content/cache/autoptimize/css/autoptimize_single_d695f44fa567e692969e42af45ec7a5e.css]
[greenturflandscaping.com.au/indexdad3.html]
[greenturflandscaping.com.au/wp-content/cache/autoptimize/css/autoptimize_single_e743df8f2c2b97da814ee732bb6bd247.css]
[greenturflandscaping.com.au/index80f0.html]
[greenturflandscaping.com.au/wp-content/cache/autoptimize/css/autoptimize_single_3a5a70f4e5f7c214eb95498dee947379.css]
[greenturflandscaping.com.au/indexea66.html]
[greenturflandscaping.com.au/wp-content/cache/autoptimize/css/autoptimize_single_4ba4d4b84abd124c07ad1ac17b93c16a.css]
[greenturflandscaping.com.au/indexf994.html]
[greenturflandscaping.com.au/wp-content/cache/autoptimize/css/autoptimize_single_81fbe5eed28eecfa3155ea3ccba37d4f.css]
[greenturflandscaping.com.au/index5abb.html]
[greenturflandscaping.com.au/wp-content/cache/autoptimize/css/autoptimize_single_212ee342e68efeeff1177005f7256c6e.css]
[greenturflandscaping.com.au/indexc8ae.html]
[greenturflandscaping.com.au/wp-content/cache/autoptimize/css/autoptimize_single_520045934910fa839e420a4759681563.css]
[greenturflandscaping.com.au/index195c.html]
[greenturflandscaping.com.au/wp-content/cache/autoptimize/css/autoptimize_single_125337263780cf0fe904f50a98654df6.css]
[greenturflandscaping.com.au/index7b5b.html]
[greenturflandscaping.com.au/wp-json/oembed/1.0/embeded32]
[greenturflandscaping.com.au/wp-content/cache/autoptimize/css/autoptimize_single_b3b198c7981d80848cd20f2b031ada56.css]
[greenturflandscaping.com.au/indexa6b2.html]
[greenturflandscaping.com.au/wp-content/cache/autoptimize/css/autoptimize_single_868f3012eab0f9069caa8a98c2b0025d.css]
[greenturflandscaping.com.au/index6609.html]
[greenturflandscaping.com.au/wp-content/cache/autoptimize/css/autoptimize_single_bf930eb11b9d8ad73b389fb504005d48.css]
[greenturflandscaping.com.au/index9763.html]
[greenturflandscaping.com.au/wp-content/cache/autoptimize/css/autoptimize_single_abd508d026261bf02527a6f65f99343e.css]
[greenturflandscaping.com.au/index4023.html]
[greenturflandscaping.com.au/wp-content/cache/autoptimize/css/autoptimize_single_4c24e6137c2f5b797cfe74f44c4d266c.css]
[greenturflandscaping.com.au/indexb62b.html]
[greenturflandscaping.com.au/wp-content/cache/autoptimize/css/autoptimize_single_3ced8c361d7242bea9dabd688b5005cc.css]
[greenturflandscaping.com.au/index697e.html]
[greenturflandscaping.com.au/wp-content/cache/autoptimize/css/autoptimize_single_e43e408b906897657f8706da6f5782d7.css]
[greenturflandscaping.com.au/index9cdc.html]
[greenturflandscaping.com.au/wp-content/cache/autoptimize/css/autoptimize_single_809b69353f2815dca92ba80a4897a29a.css]
[greenturflandscaping.com.au/index2ebc.html]
[greenturflandscaping.com.au/wp-content/cache/autoptimize/css/autoptimize_single_ccb6249f2669d17fbebb2b7b4bd37723.css]
[greenturflandscaping.com.au/index78c4.html]
[greenturflandscaping.com.au/wp-content/cache/autoptimize/css/autoptimize_single_342c4ceec200871dd76c4781b136964e.css]
[greenturflandscaping.com.au/index4827.html]
[greenturflandscaping.com.au/wp-content/cache/autoptimize/css/autoptimize_single_7c8189882f5349b2e7bdfe82058d0cab.css]
[greenturflandscaping.com.au/index260e.html]
[greenturflandscaping.com.au/wp-content/cache/autoptimize/css/autoptimize_single_f1e7f2d956a087b2f9e1fa38eabe7a18.css]
[greenturflandscaping.com.au/index8253.html]
[greenturflandscaping.com.au/wp-content/cache/autoptimize/css/autoptimize_single_059239789bfba8832c417de13c48e6e9.css]
[greenturflandscaping.com.au/indexcfb1.html]
[greenturflandscaping.com.au/wp-content/cache/autoptimize/css/autoptimize_single_bfa9da764905c5c908e4ee8abb739a1d.css]
[greenturflandscaping.com.au/index984a.html]
[greenturflandscaping.com.au/wp-content/cache/autoptimize/css/autoptimize_single_1f81ba7ccd9830e170d4fa4488ce9a57.css]
[greenturflandscaping.com.au/indexa264.html]
[greenturflandscaping.com.au/wp-content/cache/autoptimize/css/autoptimize_single_c3f0b2a3c37f374c3b1455a7495493b7.css]
[greenturflandscaping.com.au/index0586.html]
